// Jest Snapshot v1, https://goo.gl/fbAQLP

exports[`Probamos el componente <LandingPage /> debería mostrar <LandingPage /> correctamente  1`] = `
<div
  className="landingPage"
>
  <p
    className="welcome"
  >
    Welcome, on this website you will find a list of all existing pokemons, you can see any of them in detail, you can also filter and order them according to the criteria you choose and you can even create your own custom pokemons.
  </p>
  <Link
    to="/home"
  >
    <button
      className="landingButton"
    >
      To List Pokemons
    </button>
  </Link>
</div>
`;

exports[`Probamos el componente <LandingPage /> debería mostrar <LandingPage /> correctamente  2`] = `
<div
  className="landingPage"
>
  <p
    className="welcome"
  >
    Welcome, on this website you will find a list of all existing pokemons, you can see any of them in detail, you can also filter and order them according to the criteria you choose and you can even create your own custom pokemons.
  </p>
  <Link
    to="/home"
  >
    <button
      className="landingButton"
    >
      To List Pokemons
    </button>
  </Link>
</div>
`;

exports[`componente <LandingPage /> debería mostrar <LandingPage /> correctamente  1`] = `
<div
  className="landingPage"
>
  <p
    className="welcome"
  >
    Welcome, on this website you will find a list of all existing pokemons, you can see any of them in detail, you can also filter and order them according to the criteria you choose and you can even create your own custom pokemons.
  </p>
  <Link
    to="/home"
  >
    <button
      className="landingButton"
    >
      To List Pokemons
    </button>
  </Link>
</div>
`;
